1) If you haven't already, please create a Github account if you have not already done so.

2) Once complete, practice the following on your own machine and paste the commands you run for each step below.

Initializing git folder
    1. In CodingNomads folder, create new folder git_practice
    2. Inside git_practice:
        a. Initialize folder as a git folder (make sure you are in the correct folder when initializing) by running
            the "git init" command within the git_practice folder.
        b. Make new file
        c. Add file
        d. Commit file
        c. On Github, create new git_practice repository
        d. Add this new GitHub repository as a new "remote" to your local Git repo. You can do this by using the command
            git remote add <ANY_NAME> <URL_OF_NEW_GITHUB_REPO.git>
        d. Push commit file to Github
        e. Practice the following git flow until you feel comfortable:
            i.   Create or modify file
            ii.  Add file(s)
            iii. Commit file(s)
            iv.  Push file(s) to Github repository

Adding a remote
    1. Create new personal repository on Github named "git_practice_2".
    2. On local machine, add the new remote address to the same git repo you were working with in the previous section above
        (directions are provided on Github with new repo is created)
    3. Push local git repository to your Github using the new remote.

Cloning repository from Github
    1. Find a repository on Github
    2. Clone repository to local machine
    3. Create new repository on Github
    4. Add new remote on local machine
    5. Push to new Github repository


 Output:
    1. C:\Development\Java_Training\CodingNomads
       λ mkdir git_practice

       C:\Development\Java_Training\CodingNomads
       λ ls
       git_practice/  labs/  projects/  resources/  Terminal_testing/

    2.a C:\Development\Java_Training\CodingNomads\git_practice
        λ ls -al
        total 4
        drwxr-xr-x 1 user 197121 0 Apr 17 21:44 ./
        drwxr-xr-x 1 user 197121 0 Apr 17 21:44 ../

        C:\Development\Java_Training\CodingNomads\git_practice
        λ git init
        Initialized empty Git repository in C:/Development/Java_Training/CodingNomads/git_practice/.git/

        C:\Development\Java_Training\CodingNomads\git_practice (master)
        λ ls -al
        total 8
        drwxr-xr-x 1 user 197121 0 Apr 17 21:46 ./
        drwxr-xr-x 1 user 197121 0 Apr 17 21:44 ../
        drwxr-xr-x 1 user 197121 0 Apr 17 21:46 .git/

     b  C:\Development\Java_Training\CodingNomads\git_practice (master)
        λ touch new_file.txt

     c  C:\Development\Java_Training\CodingNomads\git_practice (master)
        λ git add new_file.txt

     d   C:\Development\Java_Training\CodingNomads\git_practice (master)
         λ git status
         On branch master

         No commits yet

         Changes to be committed:
           (use "git rm --cached <file>..." to unstage)
                 new file:   new_file.txt


         C:\Development\Java_Training\CodingNomads\git_practice (master)
         λ git commit -m "Created a new_file.txt"
         [master (root-commit) a0d1ee3] Created a new_file.txt
          1 file changed, 0 insertions(+), 0 deletions(-)
          create mode 100644 new_file.txt

         C:\Development\Java_Training\CodingNomads\git_practice (master)
         λ git status
         On branch master
         nothing to commit, working tree clean

      c d C:\Development\Java_Training\CodingNomads\git_practice (master)
          λ git remote add charles_practice https://github.com/hayblec/git_practice.git

          C:\Development\Java_Training\CodingNomads\git_practice (master)
          λ git remote -v
          charles_practice        https://github.com/hayblec/git_practice.git (fetch)
          charles_practice        https://github.com/hayblec/git_practice.git (push)

      d  C:\Development\Java_Training\CodingNomads\git_practice (master)
         λ git push charles_practice master
         Enumerating objects: 3, done.
         Counting objects: 100% (3/3), done.
         Writing objects: 100% (3/3), 222 bytes | 222.00 KiB/s, done.
         Total 3 (delta 0), reused 0 (delta 0)
         To https://github.com/hayblec/git_practice.git
          * [new branch]      master -> master
      e  i & ii C:\Development\Java_Training\CodingNomads\git_practice (master)
                λ git status
                On branch master
                Changes not staged for commit:
                  (use "git add <file>..." to update what will be committed)
                  (use "git restore <file>..." to discard changes in working directory)
                        modified:   new_file.txt

                Untracked files:
                  (use "git add <file>..." to include in what will be committed)
                        another_new_file.txt

                no changes added to commit (use "git add" and/or "git commit -a")

                C:\Development\Java_Training\CodingNomads\git_practice (master)
                λ git add *

      e i & iv C:\Development\Java_Training\CodingNomads\git_practice (master)
               λ git commit -m "Added more files"
               [master 6dea0c0] Added more files
                2 files changed, 1 insertion(+)
                create mode 100644 another_new_file.txt

               C:\Development\Java_Training\CodingNomads\git_practice (master)
               λ git push charles_practice master
               Enumerating objects: 5, done.
               Counting objects: 100% (5/5), done.
               Delta compression using up to 4 threads
               Compressing objects: 100% (2/2), done.
               Writing objects: 100% (3/3), 300 bytes | 300.00 KiB/s, done.
               Total 3 (delta 0), reused 0 (delta 0)
               To https://github.com/hayblec/git_practice.git
                  a0d1ee3..6dea0c0  master -> master

       Adding a new repo:
      1 C:\Development\Java_Training\CodingNomads\git_practice (master)
       λ git remote -v
       charles_practice        https://github.com/hayblec/git_practice.git (fetch)
       charles_practice        https://github.com/hayblec/git_practice.git (push)

      2 C:\Development\Java_Training\CodingNomads\git_practice (master)
       λ git remote add charles_practice_2 https://github.com/hayblec/git_practice_2.git

       C:\Development\Java_Training\CodingNomads\git_practice (master)
       λ git remote -v
       charles_practice        https://github.com/hayblec/git_practice.git (fetch)
       charles_practice        https://github.com/hayblec/git_practice.git (push)
       charles_practice_2      https://github.com/hayblec/git_practice_2.git (fetch)
       charles_practice_2      https://github.com/hayblec/git_practice_2.git (push)

     3  C:\Development\Java_Training\CodingNomads\git_practice (master)
       λ git push charles_practice_2 master
       Enumerating objects: 6, done.
       Counting objects: 100% (6/6), done.
       Delta compression using up to 4 threads
       Compressing objects: 100% (3/3), done.
       Writing objects: 100% (6/6), 490 bytes | 245.00 KiB/s, done.
       Total 6 (delta 0), reused 0 (delta 0)
       To https://github.com/hayblec/git_practice_2.git
        * [new branch]      master -> master

    clone repository from github:

    C:\Development\Java_Training\CodingNomads
    λ mkdir cloned_repo

    C:\Development\Java_Training\CodingNomads
    λ cd cloned_repo\

    C:\Development\Java_Training\CodingNomads\cloned_repo
    λ git clone https://github.com/checkcheckzz/system-design-interview.git
    Cloning into 'system-design-interview'...
    remote: Enumerating objects: 167, done.
    remote: Total 167 (delta 0), reused 0 (delta 0), pack-reused 167Receiving objects:  71% (119/167)
    Receiving objects: 100% (167/167), 227.46 KiB | 1017.00 KiB/s, done.
    Resolving deltas: 100% (47/47), done.

    C:\Development\Java_Training\CodingNomads\cloned_repo
    λ ls -al
    total 4
    drwxr-xr-x 1 user 197121 0 Apr 17 23:28 ./
    drwxr-xr-x 1 user 197121 0 Apr 17 23:27 ../
    drwxr-xr-x 1 user 197121 0 Apr 17 23:28 system-design-interview/
